// Jest Snapshot v1, https://goo.gl/fbAQLP

exports[`<AnswerSelection /> matches snapshot 1`] = `ShallowWrapper {}`;
