// Jest Snapshot v1, https://goo.gl/fbAQLP

exports[`<PlayerResult /> matches snapshot 1`] = `ShallowWrapper {}`;
