// Jest Snapshot v1, https://goo.gl/fbAQLP

exports[`<SessionId /> matches snapshot 1`] = `ShallowWrapper {}`;
