// Jest Snapshot v1, https://goo.gl/fbAQLP

exports[`<TimeSelector /> matches snapshot 1`] = `ShallowWrapper {}`;
