// Jest Snapshot v1, https://goo.gl/fbAQLP

exports[`<TopFiveStudents /> matches snapshot 1`] = `ShallowWrapper {}`;
